// Jest Snapshot v1, https://goo.gl/fbAQLP

exports[`HeaderBanner decoder correctly decodes valid CMS headerbanner 1`] = `
Object {
  "contentType": "headerBanner",
  "fields": Object {
    "backgroundColour": "#ff0000",
    "heading": "heading",
    "headingLine2": "headingLine2",
    "heroImage": Object {
      "sys": Object {
        "id": "254sF6298fT9XuRtxe092T",
      },
    },
    "subHeading": "subHeading",
  },
  "id": "m3w5",
  "locale": "en-GB",
  "revision": 1,
}
`;
