// Jest Snapshot v1, https://goo.gl/fbAQLP

exports[`Header Component renders correctly 1`] = `
<Component>
  <Component
    style={
      Object {
        "flexDirection": "row",
        "justifyContent": "space-between",
        "marginTop": 10,
        "width": "100%",
      }
    }
  >
    <ActionButton
      label="Cancel"
      onPress={[Function]}
      style={Object {}}
    />
  </Component>
  <Text
    color="blackColor"
    markdown={false}
    markdownStyle={Object {}}
    style={
      Object {
        "color": "#ffffff",
        "marginBottom": 6,
        "marginTop": 14,
      }
    }
    type="h1"
  >
    Show me
  </Text>
  <Component
    style={
      Object {
        "height": 88,
        "marginBottom": 16,
        "width": "100%",
      }
    }
  >
    <CategoriesPills
      selectedCategories={Set {}}
      style={Object {}}
    />
  </Component>
</Component>
`;
