// Jest Snapshot v1, https://goo.gl/fbAQLP

exports[`Event filters reducer initialises with default state 1`] = `
Object {
  "selectedFilters": Object {
    "accessibilityOptions": Set {},
    "area": Set {},
    "audience": Set {},
    "categories": Set {},
    "date": null,
    "price": Set {},
    "timeOfDay": Set {},
    "venueDetails": Set {},
  },
  "showEventsAfter": "2018-08-01T13:00:00.000+01:00",
  "stagedFilters": Object {
    "accessibilityOptions": Set {},
    "area": Set {},
    "audience": Set {},
    "categories": Set {},
    "date": null,
    "price": Set {},
    "timeOfDay": Set {},
    "venueDetails": Set {},
  },
}
`;
