// Jest Snapshot v1, https://goo.gl/fbAQLP

exports[`SavedEventListScreen Component renders correctly 1`] = `
<Component
  style={
    Object {
      "backgroundColor": "#ffffff",
      "flex": 1,
    }
  }
>
  <Header
    testID="page-heading-saved-events"
    title="Saved Events"
  />
  <EventList
    addSavedEvent={[Function]}
    events={
      Object {
        "entries": Array [
          Object {
            "fields": Object {
              "accessibilityDetails": Object {
                "en-GB": "Lorem ipsum dolor sit amet, consectetur adipiscing elit. Aenean aliquet, odio vel imperdiet ultricies, libero nibh convallis ante, a imperdiet sapien risus non nisi. ",
              },
              "accessibilityOptions": Object {
                "en-GB": Array [
                  "Accessible Toilets",
                  "Hearing loop installed",
                ],
              },
              "email": Object {
                "en-GB": "marsha.p.johnson@eventname.com",
              },
              "endTime": Object {
                "en-GB": "2018-07-15T18:00+01:00",
              },
              "eventCategories": Object {
                "en-GB": Array [
                  "Community",
                  "Social and Networking",
                  "Sports and Activities",
                  "Music",
                ],
              },
              "eventDescription": Object {
                "en-GB": "Lenard Pink’s singles walking tour in partnership with Pink Lobster Matchmaking, The Wild & Wonderful Women of Westminster will dissect, poke and prod those women who have battled, campaigned, fought and slept their way into the history books.

Pink for Pink tours will be putting the movers, shakers and shimmiers under a large microscopic lens, examining the likes of Emmeline Pankhurst, the lady who challenged the British Establishment and got the vote for women, to Nell Gwynn who became one of the most famous mistresses of Charles II and probably one of Britain’s biggest whores.",
              },
              "eventPriceHigh": Object {
                "en-GB": 30,
              },
              "eventPriceLow": Object {
                "en-GB": 19.95,
              },
              "eventsListPicture": Object {
                "en-GB": Object {
                  "sys": Object {
                    "createdAt": "2018-03-04T10:13:53.398Z",
                    "id": "HNLFqItbkAmW8ssqQECIy",
                    "revision": 1,
                    "space": Object {
                      "sys": Object {
                        "id": "n2o4hgsv6wcx",
                        "linkType": "Space",
                        "type": "Link",
                      },
                    },
                    "type": "Asset",
                    "updatedAt": "2018-03-04T10:13:53.398Z",
                  },
                },
              },
              "individualEventPicture": Object {
                "en-GB": Object {
                  "sys": Object {
                    "createdAt": "2018-03-04T10:13:53.398Z",
                    "id": "HNLFqItbkAmW8ssqQECIy",
                    "revision": 1,
                    "space": Object {
                      "sys": Object {
                        "id": "n2o4hgsv6wcx",
                        "linkType": "Space",
                        "type": "Link",
                      },
                    },
                    "type": "Asset",
                    "updatedAt": "2018-03-04T10:13:53.398Z",
                  },
                },
              },
              "location": Object {
                "en-GB": Object {
                  "lat": 51.4875152,
                  "lon": -0.12092150000000856,
                },
              },
              "locationName": Object {
                "en-GB": "Vauxhall Pleasure Gardens",
              },
              "name": Object {
                "en-GB": "Pride in the Park",
              },
              "phone": Object {
                "en-GB": "07891234567",
              },
              "recurrenceDates": Object {
                "en-GB": Array [
                  "13/1/18",
                  "15/1/18",
                ],
              },
              "startTime": Object {
                "en-GB": "2017-07-09T11:00+01:00",
              },
              "ticketingUrl": Object {
                "en-GB": "https://prideinlondon.org/pride-in-the-park/",
              },
              "venueDetails": Object {
                "en-GB": Array [
                  "Gender neutral toilets",
                ],
              },
            },
          },
        ],
      }
    }
    getAssetSource={[Function]}
    locale="en-GB"
    onPress={[Function]}
    onRefresh={[Function]}
    refreshing={false}
    removeSavedEvent={[Function]}
    savedEvents={Set {}}
  />
</Component>
`;

exports[`SavedEventListScreen Component renders no saved events screen when there are no events 1`] = `
<Component
  style={
    Object {
      "backgroundColor": "#ffffff",
      "flex": 1,
    }
  }
>
  <Header
    testID="page-heading-saved-events"
    title="Saved Events"
  />
  <NoSavedEvents
    navigation={
      Object {
        "navigate": [Function],
      }
    }
  />
</Component>
`;
