// Jest Snapshot v1, https://goo.gl/fbAQLP

exports[`renders correctly 1`] = `
<Component
  animationType="fade"
  hardwareAccelerated={false}
  onRequestClose={[Function]}
  transparent={true}
  visible={true}
>
  <TouchableWithoutFeedback
    accessible={false}
    onPress={[Function]}
    style={
      Object {
        "flex": 1,
      }
    }
  >
    <Component
      style={
        Object {
          "backgroundColor": "rgba(0, 0, 0, 0.7)",
          "flex": 1,
          "justifyContent": "center",
          "padding": 16,
        }
      }
    >
      <TouchableWithoutFeedback
        accessible={false}
      >
        <Component>
          <Component
            style={
              Object {
                "backgroundColor": "#ffffff",
                "borderRadius": 4,
                "paddingBottom": 8,
              }
            }
          >
            <Component
              style={
                Object {
                  "alignItems": "center",
                  "borderBottomColor": "#F2F2F2",
                  "borderBottomWidth": 1,
                  "flexDirection": "row",
                  "height": 40,
                  "justifyContent": "space-between",
                  "paddingHorizontal": 16,
                }
              }
            >
              <Component
                style={
                  Object {
                    "alignItems": "flex-start",
                  }
                }
              />
              <Component
                style={
                  Object {
                    "alignItems": "center",
                  }
                }
              >
                Hello World
              </Component>
              <Component
                style={
                  Object {
                    "alignItems": "flex-end",
                  }
                }
              />
            </Component>
            Lorem Ipsum is placeholder text commonly used...
          </Component>
          <Component
            style={
              Object {
                "marginTop": 8,
              }
            }
          >
            <Button
              accessibilityLabel="Good bye"
              disabled={false}
              onPress={[Function]}
            >
              Bye
            </Button>
          </Component>
        </Component>
      </TouchableWithoutFeedback>
    </Component>
  </TouchableWithoutFeedback>
</Component>
`;
