// Jest Snapshot v1, https://goo.gl/fbAQLP

exports[`renders correctly 1`] = `
<Component
  animationType="fade"
  hardwareAccelerated={false}
  onRequestClose={[Function]}
  transparent={true}
  visible={true}
>
  <TouchableWithoutFeedback
    accessible={false}
    onPress={[Function]}
    style={
      Object {
        "flex": 1,
      }
    }
  >
    <Component
      style={
        Object {
          "backgroundColor": "rgba(0, 0, 0, 0.7)",
          "flex": 1,
          "justifyContent": "center",
          "padding": 16,
        }
      }
    >
      <TouchableWithoutFeedback
        accessible={false}
      >
        <Component
          style={
            Object {
              "backgroundColor": "#ffffff",
              "borderRadius": 4,
              "paddingBottom": 8,
            }
          }
        >
          <Component
            style={
              Object {
                "alignItems": "center",
                "borderBottomColor": "#F2F2F2",
                "borderBottomWidth": 1,
                "flexDirection": "row",
                "height": 40,
                "justifyContent": "space-between",
                "paddingHorizontal": 16,
              }
            }
          >
            <Component
              style={
                Array [
                  Object {
                    "flexGrow": 1,
                    "width": 0,
                  },
                  Object {
                    "alignItems": "flex-start",
                  },
                ]
              }
            />
            <Component
              style={
                Array [
                  Object {
                    "flexGrow": 1,
                    "width": 0,
                  },
                  Object {
                    "alignItems": "center",
                  },
                ]
              }
            >
              Hello World
            </Component>
            <Component
              style={
                Array [
                  Object {
                    "flexGrow": 1,
                    "width": 0,
                  },
                  Object {
                    "alignItems": "flex-end",
                  },
                ]
              }
            />
          </Component>
          Lorem Ipsum is placeholder text commonly used...
        </Component>
      </TouchableWithoutFeedback>
      <Touchable
        accessibilityComponentType="button"
        accessibilityLabel="Good bye"
        accessibilityTraits={
          Array [
            "button",
            "header",
          ]
        }
        delayPressIn={50}
        onPress={[Function]}
        style={
          Object {
            "alignItems": "center",
            "backgroundColor": "rgb(44, 218, 157)",
            "borderRadius": 4,
            "height": 48,
            "justifyContent": "center",
            "marginTop": 8,
          }
        }
      >
        <Text
          color="blackColor"
          markdown={false}
          markdownStyle={Object {}}
          style={
            Object {
              "color": "rgb(45, 47, 127)",
              "lineHeight": 48,
            }
          }
          type="h2"
        >
          Bye
        </Text>
      </Touchable>
    </Component>
  </TouchableWithoutFeedback>
</Component>
`;
