// Jest Snapshot v1, https://goo.gl/fbAQLP

exports[`renders correctly 1`] = `
<withOrientation
  forceInset={
    Object {
      "bottom": "always",
      "top": "never",
    }
  }
  style={
    Object {
      "backgroundColor": "rgb(243, 243, 243)",
      "borderTopColor": "rgba(0, 0, 0, 0.25)",
      "borderTopWidth": 1,
      "paddingHorizontal": 8,
    }
  }
>
  <Component
    onLayout={[Function]}
    style={
      Object {
        "alignSelf": "center",
        "flexDirection": "row",
        "height": 52,
        "maxWidth": 440,
        "width": "100%",
      }
    }
    testID="tab-bar"
  >
    <Touchable
      accessibilityComponentType="button"
      accessibilityTraits={
        Array [
          "button",
        ]
      }
      delayPressIn={50}
      key="1"
      onLayout={[Function]}
      onPress={[Function]}
      style={
        Object {
          "alignItems": "center",
          "flexDirection": "column",
          "flexGrow": 1,
          "marginHorizontal": 4,
          "minWidth": 48,
          "paddingBottom": 2,
          "paddingTop": 4,
        }
      }
      testID="tab-0"
    >
      <Component
        style={
          Object {
            "flex": 1,
            "width": "100%",
          }
        }
      >
        <Component
          style={
            Array [
              Object {
                "alignItems": "center",
                "alignSelf": "center",
                "position": "absolute",
                "top": 0,
              },
              Object {
                "opacity": 1,
              },
            ]
          }
        >
          <Component>
            0
          </Component>
        </Component>
        <Component
          style={
            Array [
              Object {
                "alignItems": "center",
                "alignSelf": "center",
                "position": "absolute",
                "top": 0,
              },
              Object {
                "opacity": 0,
              },
            ]
          }
        >
          <Component>
            0
          </Component>
        </Component>
      </Component>
      <Text
        color="blackColor"
        markdown={false}
        markdownStyle={Object {}}
        numberOfLines={1}
        style={
          Object {
            "color": "rgb(45, 47, 127)",
          }
        }
        type="tabBarItem"
      >
        Tab 0
      </Text>
    </Touchable>
    <Touchable
      accessibilityComponentType="button"
      accessibilityTraits={
        Array [
          "button",
        ]
      }
      delayPressIn={50}
      key="2"
      onLayout={[Function]}
      onPress={[Function]}
      style={
        Object {
          "alignItems": "center",
          "flexDirection": "column",
          "flexGrow": 1,
          "marginHorizontal": 4,
          "minWidth": 48,
          "paddingBottom": 2,
          "paddingTop": 4,
        }
      }
      testID="tab-1"
    >
      <Component
        style={
          Object {
            "flex": 1,
            "width": "100%",
          }
        }
      >
        <Component
          style={
            Array [
              Object {
                "alignItems": "center",
                "alignSelf": "center",
                "position": "absolute",
                "top": 0,
              },
              Object {
                "opacity": 0,
              },
            ]
          }
        >
          <Component>
            1
          </Component>
        </Component>
        <Component
          style={
            Array [
              Object {
                "alignItems": "center",
                "alignSelf": "center",
                "position": "absolute",
                "top": 0,
              },
              Object {
                "opacity": 1,
              },
            ]
          }
        >
          <Component>
            1
          </Component>
        </Component>
      </Component>
      <Text
        color="blackColor"
        markdown={false}
        markdownStyle={Object {}}
        numberOfLines={1}
        style={
          Object {
            "color": "rgb(88, 88, 88)",
          }
        }
        type="tabBarItem"
      >
        Tab 1
      </Text>
    </Touchable>
    <AnimatedComponent
      style={
        Array [
          Object {
            "backgroundColor": "rgb(44, 218, 157)",
            "height": 3,
            "left": 0,
            "position": "absolute",
            "top": 0,
            "width": "100%",
          },
          Object {
            "transform": Array [
              Object {
                "translateX": -0.5,
              },
              Object {
                "scaleX": 0,
              },
            ],
          },
        ]
      }
    />
  </Component>
</withOrientation>
`;
