// Jest Snapshot v1, https://goo.gl/fbAQLP

exports[`renders correctly 1`] = `
<Component
  style={
    Object {
      "backgroundColor": "#ffffff",
      "flex": 1,
    }
  }
>
  <Header
    testID="page-heading-support-us"
    title="Support us"
  />
  <ScrollView>
    <Component
      style={
        Object {
          "alignSelf": "center",
          "maxWidth": 440,
          "width": "100%",
        }
      }
    >
      <ImageHeader
        image={1}
        subtitle=""
        title="As an individual"
      />
      <ContentPadding
        padding={Object {}}
        style={
          Object {
            "marginBottom": 16,
          }
        }
      >
        <SupportUsButton
          bgBottomLeft={1}
          bgTopRight={1}
          centerText={false}
          color="#2d2f7f"
          contrast={false}
          description="Every donation keeps us marching"
          navigation={null}
          style={
            Object {
              "marginTop": 12,
            }
          }
          title="Donate"
          url="DONATE"
        />
        <SupportUsButton
          bgTopRight={1}
          centerText={false}
          color="#fc4984"
          contrast={false}
          description="Passionate about equality? Join us."
          navigation={null}
          style={
            Object {
              "marginTop": 12,
            }
          }
          title="Volunteer"
          url="https://prideinlondon.org/volunteer"
        />
        <SupportUsButton
          bgBottomRight={1}
          centerText={false}
          color="#c3d30e"
          contrast={true}
          description="Visit our online shop on The Gay UK"
          navigation={null}
          style={
            Object {
              "marginTop": 12,
            }
          }
          title="Buy merchandise"
          url="https://www.thegayshop.co.uk/product-category/pride/pride-in-london-shop/"
        />
      </ContentPadding>
      <ImageHeader
        image={1}
        subtitle=""
        title="As a business"
      />
      <ContentPadding
        padding={Object {}}
        style={
          Object {
            "marginBottom": 16,
          }
        }
      >
        <SupportUsButton
          bgTopRight={1}
          centerText={false}
          color="#00a3bd"
          contrast={false}
          description="Support the community"
          navigation={null}
          style={
            Object {
              "marginTop": 12,
            }
          }
          title="Partner with us"
          url="SPONSOR"
        />
      </ContentPadding>
    </Component>
  </ScrollView>
</Component>
`;
