// Jest Snapshot v1, https://goo.gl/fbAQLP

exports[`renders correctly 1`] = `
<ImageBackground
  resizeMode="cover"
  source={0}
  style={
    Object {
      "alignItems": "flex-start",
      "aspectRatio": 2,
      "justifyContent": "flex-end",
    }
  }
>
  <ContentPadding
    padding={
      Object {
        "large": Object {
          "horizontal": 16,
          "vertical": 16,
        },
        "medium": Object {
          "horizontal": 16,
          "vertical": 16,
        },
        "small": Object {
          "horizontal": 8,
          "vertical": 8,
        },
      }
    }
    style={Object {}}
  >
    <Text
      color="blackColor"
      markdown={false}
      markdownStyle={Object {}}
      style={
        Object {
          "backgroundColor": "#ffffff",
          "color": "#2d2f7f",
          "lineHeight": 36,
          "paddingHorizontal": 8,
          "paddingTop": 4,
        }
      }
      type="h1"
    >
      Fruit
    </Text>
  </ContentPadding>
</ImageBackground>
`;
