// Jest Snapshot v1, https://goo.gl/fbAQLP

exports[`renders correctly 1`] = `
<Component
  accessibilityLabel="A number, 13.37, text field; double tap to edit"
  accessible={true}
>
  <Text
    color="lightNavyBlueColor"
    importantForAccessibility="no"
    markdown={false}
    markdownStyle={Object {}}
    style={
      Object {
        "marginBottom": 8,
      }
    }
    type="h4"
  >
    A number
  </Text>
  <TextInput
    allowFontScaling={true}
    importantForAccessibility="no"
    keyboardType="numeric"
    onBlur={[Function]}
    onChangeText={[Function]}
    onFocus={[Function]}
    onSelectionChange={[Function]}
    placeholder={null}
    placeholderTextColor="#cecece"
    style={
      Array [
        Object {
          "borderColor": "#cecece",
          "borderRadius": 4,
          "borderWidth": 1,
          "color": "#2d2f7f",
          "fontFamily": "Poppins-SemiBold",
          "fontSize": 18,
          "height": 50,
          "paddingHorizontal": 14,
        },
        false,
      ]
    }
    underlineColorAndroid="transparent"
    value="13.37"
  />
</Component>
`;
