// Jest Snapshot v1, https://goo.gl/fbAQLP

exports[`AmenityMarkers component renders correctly 1`] = `
<React.Fragment>
  <MapMarker
    coordinate={
      Object {
        "latitude": 0,
        "longitude": 10,
      }
    }
    image={
      Object {
        "testUri": "../../../assets/images/stageIconInactive.png",
      }
    }
    key="QF4dTqmpn9z5ItEizAZ"
    onPress={[Function]}
    onSelect={[Function]}
    stopPropagation={true}
    style={
      Object {
        "zIndex": 1,
      }
    }
  />
</React.Fragment>
`;

exports[`AmenityMarkers component renders correctly when it's the currently selected stage 1`] = `
<React.Fragment>
  <MapMarker
    coordinate={
      Object {
        "latitude": 0,
        "longitude": 10,
      }
    }
    image={
      Object {
        "testUri": "../../../assets/images/stageIconActive.png",
      }
    }
    key="QF4dTqmpn9z5ItEizAZ"
    onPress={[Function]}
    onSelect={[Function]}
    stopPropagation={true}
    style={
      Object {
        "zIndex": 1001,
      }
    }
  />
</React.Fragment>
`;
