// Jest Snapshot v1, https://goo.gl/fbAQLP

exports[`renders correctly 1`] = `
<Component
  style={
    Object {
      "flex": 1,
      "flexDirection": "row",
      "minHeight": 44,
    }
  }
>
  <Image
    source={
      Object {
        "uri": "/super-awesome-image.jpg",
      }
    }
    style={
      Object {
        "height": 32,
        "marginRight": 20,
        "marginVertical": 6,
        "width": 32,
      }
    }
  />
  <Component
    style={
      Object {
        "flexShrink": 1,
        "justifyContent": "center",
        "paddingVertical": 6,
      }
    }
  >
    <Component
      type="h4"
    >
      some thing
    </Component>
  </Component>
</Component>
`;

exports[`renders correctly when passed an onPress handler 1`] = `
<Component
  style={
    Object {
      "flex": 1,
      "flexDirection": "row",
      "minHeight": 44,
    }
  }
>
  <Image
    source={
      Object {
        "uri": "/super-awesome-image.jpg",
      }
    }
    style={
      Object {
        "height": 32,
        "marginRight": 20,
        "marginVertical": 6,
        "width": 32,
      }
    }
  />
  <Touchable
    accessibilityComponentType="button"
    accessibilityTraits={
      Array [
        "button",
      ]
    }
    delayPressIn={50}
    onPress={[Function]}
    style={
      Object {
        "flexShrink": 1,
        "justifyContent": "center",
        "paddingVertical": 6,
      }
    }
  >
    <Component
      type="h4"
    >
      some thing
    </Component>
  </Touchable>
</Component>
`;
